../Drivers/STM32F3xx_HAL_Driver/Src/stm32f3xx_hal_rtc_ex.c:153:19:HAL_RTCEx_SetTimeStamp	0	static
../Drivers/STM32F3xx_HAL_Driver/Src/stm32f3xx_hal_rtc_ex.c:223:19:HAL_RTCEx_SetTimeStamp_IT	0	static
../Drivers/STM32F3xx_HAL_Driver/Src/stm32f3xx_hal_rtc_ex.c:287:19:HAL_RTCEx_DeactivateTimeStamp	0	static
../Drivers/STM32F3xx_HAL_Driver/Src/stm32f3xx_hal_rtc_ex.c:331:19:HAL_RTCEx_GetTimeStamp	24	static
../Drivers/STM32F3xx_HAL_Driver/Src/stm32f3xx_hal_rtc_ex.c:384:19:HAL_RTCEx_SetTamper	12	static
../Drivers/STM32F3xx_HAL_Driver/Src/stm32f3xx_hal_rtc_ex.c:458:19:HAL_RTCEx_SetTamper_IT	12	static
../Drivers/STM32F3xx_HAL_Driver/Src/stm32f3xx_hal_rtc_ex.c:542:19:HAL_RTCEx_DeactivateTamper	0	static
../Drivers/STM32F3xx_HAL_Driver/Src/stm32f3xx_hal_rtc_ex.c:658:13:HAL_RTCEx_TimeStampEventCallback	0	static
../Drivers/STM32F3xx_HAL_Driver/Src/stm32f3xx_hal_rtc_ex.c:674:13:HAL_RTCEx_Tamper1EventCallback	0	static
../Drivers/STM32F3xx_HAL_Driver/Src/stm32f3xx_hal_rtc_ex.c:690:13:HAL_RTCEx_Tamper2EventCallback	0	static
../Drivers/STM32F3xx_HAL_Driver/Src/stm32f3xx_hal_rtc_ex.c:707:13:HAL_RTCEx_Tamper3EventCallback	0	static
../Drivers/STM32F3xx_HAL_Driver/Src/stm32f3xx_hal_rtc_ex.c:568:6:HAL_RTCEx_TamperTimeStampIRQHandler	8	static
../Drivers/STM32F3xx_HAL_Driver/Src/stm32f3xx_hal_rtc_ex.c:725:19:HAL_RTCEx_PollForTimeStampEvent	16	static
../Drivers/STM32F3xx_HAL_Driver/Src/stm32f3xx_hal_rtc_ex.c:768:19:HAL_RTCEx_PollForTamper1Event	16	static
../Drivers/STM32F3xx_HAL_Driver/Src/stm32f3xx_hal_rtc_ex.c:804:19:HAL_RTCEx_PollForTamper2Event	16	static
../Drivers/STM32F3xx_HAL_Driver/Src/stm32f3xx_hal_rtc_ex.c:841:19:HAL_RTCEx_PollForTamper3Event	16	static
../Drivers/STM32F3xx_HAL_Driver/Src/stm32f3xx_hal_rtc_ex.c:894:19:HAL_RTCEx_SetWakeUpTimer	24	static
../Drivers/STM32F3xx_HAL_Driver/Src/stm32f3xx_hal_rtc_ex.c:990:19:HAL_RTCEx_SetWakeUpTimer_IT	24	static
../Drivers/STM32F3xx_HAL_Driver/Src/stm32f3xx_hal_rtc_ex.c:1091:19:HAL_RTCEx_DeactivateWakeUpTimer	16	static
../Drivers/STM32F3xx_HAL_Driver/Src/stm32f3xx_hal_rtc_ex.c:1146:10:HAL_RTCEx_GetWakeUpTimer	0	static
../Drivers/STM32F3xx_HAL_Driver/Src/stm32f3xx_hal_rtc_ex.c:1192:13:HAL_RTCEx_WakeUpTimerEventCallback	0	static
../Drivers/STM32F3xx_HAL_Driver/Src/stm32f3xx_hal_rtc_ex.c:1163:6:HAL_RTCEx_WakeUpTimerIRQHandler	8	static
../Drivers/STM32F3xx_HAL_Driver/Src/stm32f3xx_hal_rtc_ex.c:1209:19:HAL_RTCEx_PollForWakeUpTimerEvent	16	static
../Drivers/STM32F3xx_HAL_Driver/Src/stm32f3xx_hal_rtc_ex.c:1278:6:HAL_RTCEx_BKUPWrite	0	static
../Drivers/STM32F3xx_HAL_Driver/Src/stm32f3xx_hal_rtc_ex.c:1304:10:HAL_RTCEx_BKUPRead	0	static
../Drivers/STM32F3xx_HAL_Driver/Src/stm32f3xx_hal_rtc_ex.c:1338:19:HAL_RTCEx_SetSmoothCalib	32	static
../Drivers/STM32F3xx_HAL_Driver/Src/stm32f3xx_hal_rtc_ex.c:1410:19:HAL_RTCEx_SetSynchroShift	24	static
../Drivers/STM32F3xx_HAL_Driver/Src/stm32f3xx_hal_rtc_ex.c:1505:19:HAL_RTCEx_SetCalibrationOutPut	0	static
../Drivers/STM32F3xx_HAL_Driver/Src/stm32f3xx_hal_rtc_ex.c:1544:19:HAL_RTCEx_DeactivateCalibrationOutPut	0	static
../Drivers/STM32F3xx_HAL_Driver/Src/stm32f3xx_hal_rtc_ex.c:1574:19:HAL_RTCEx_SetRefClock	16	static
../Drivers/STM32F3xx_HAL_Driver/Src/stm32f3xx_hal_rtc_ex.c:1618:19:HAL_RTCEx_DeactivateRefClock	16	static
../Drivers/STM32F3xx_HAL_Driver/Src/stm32f3xx_hal_rtc_ex.c:1664:19:HAL_RTCEx_EnableBypassShadow	0	static
../Drivers/STM32F3xx_HAL_Driver/Src/stm32f3xx_hal_rtc_ex.c:1697:19:HAL_RTCEx_DisableBypassShadow	0	static
../Drivers/STM32F3xx_HAL_Driver/Src/stm32f3xx_hal_rtc_ex.c:1747:13:HAL_RTCEx_AlarmBEventCallback	0	static
../Drivers/STM32F3xx_HAL_Driver/Src/stm32f3xx_hal_rtc_ex.c:1764:19:HAL_RTCEx_PollForAlarmBEvent	16	static
